// Jest Snapshot v1, https://goo.gl/fbAQLP

exports[`Pruebas sobre el componente GifItem  Debe hacer match con el snapshot  1`] = `
<div>
  <div
    class="card"
  >
    <img
      alt="Samurai X"
      src="https://samurai-x.com/guerrero.png"
    />
    <p>
      Samurai X
    </p>
  </div>
</div>
`;
